<testsuites id="" name="" tests="25" failures="8" skipped="1" errors="14" time="127.981674">
<testsuite name="auth.spec.ts" timestamp="2026-07-24T17:11:43.000Z" hostname="chromium" tests="10" failures="2" skipped="1" time="94.771" errors="6">
<testcase name="Authentication Flow › should navigate to auth page and display login form" classname="auth.spec.ts" time="13.869">
<system-out>
<![CDATA[
[[ATTACHMENT|auth-Authentication-Flow-s-1b2e1-page-and-display-login-form-chromium/test-failed-1.png]]

[[ATTACHMENT|auth-Authentication-Flow-s-1b2e1-page-and-display-login-form-chromium/video.webm]]

[[ATTACHMENT|auth-Authentication-Flow-s-1b2e1-page-and-display-login-form-chromium/error-context.md]]
]]>
</system-out>
<error message="page.click: Timeout 10000ms exceeded." type="TimeoutError">
<![CDATA[  [chromium] › auth.spec.ts:13:3 › Authentication Flow › should navigate to auth page and display login form 

    TimeoutError: page.click: Timeout 10000ms exceeded.
    Call log:
      - waiting for locator('text=Start Learning Now')
        - locator resolved to <a href="/auth" class="inline-flex items-center justify-center gap-2 whitespace-nowrap font-body ring-offset-background duration-300 focus-visible:outline-none focus-visible:ring-2 focus-visible:ring-ring focus-visible:ring-offset-2 disabled:pointer-events-none disabled:opacity-50 [&_svg]:pointer-events-none [&_svg]:size-4 [&_svg]:shrink-0 bg-gradient-brand hover:shadow-glow-accent active:scale-[0.98] h-12 rounded-xl px-8 group bg-gradient-to-r from-blue-dark to-orange-dark hover:from-blue hover:…>…</a>
      - attempting click action
        2 × waiting for element to be visible, enabled and stable
          - element is visible, enabled and stable
          - scrolling into view if needed
          - done scrolling
          - <div class="fixed inset-0 z-[100] flex items-center justify-center p-2 sm:p-4">…</div> intercepts pointer events
        - retrying click action
        - waiting 20ms
        - waiting for element to be visible, enabled and stable
        - element is visible, enabled and stable
        - scrolling into view if needed
        - done scrolling
        - <div class="fixed inset-0 z-[100] flex items-center justify-center p-2 sm:p-4">…</div> intercepts pointer events
      - retrying click action
        - waiting 100ms
        - waiting for element to be visible, enabled and stable
        - element is not stable
      - retrying click action
        - waiting 100ms
        16 × waiting for element to be visible, enabled and stable
           - element is visible, enabled and stable
           - scrolling into view if needed
           - done scrolling
           - <div class="fixed inset-0 z-[100] flex items-center justify-center p-2 sm:p-4">…</div> intercepts pointer events
         - retrying click action
           - waiting 500ms


      20 |
      21 |     // Click on login button
    > 22 |     await page.click('text=Start Learning Now');
         |                ^
      23 |
      24 |     // Wait for navigation to auth page
      25 |     await page.waitForURL('**/auth');
        at /app/tests/e2e/auth.spec.ts:22:16

    attachment #1: screenshot (image/png) ──────────────────────────────────────────────────────────
    ../../test-results/auth-Authentication-Flow-s-1b2e1-page-and-display-login-form-chromium/test-failed-1.png
    ────────────────────────────────────────────────────────────────────────────────────────────────

    attachment #2: video (video/webm) ──────────────────────────────────────────────────────────────
    ../../test-results/auth-Authentication-Flow-s-1b2e1-page-and-display-login-form-chromium/video.webm
    ────────────────────────────────────────────────────────────────────────────────────────────────

    Error Context: ../../test-results/auth-Authentication-Flow-s-1b2e1-page-and-display-login-form-chromium/error-context.md
]]>
</error>
</testcase>
<testcase name="Authentication Flow › should show validation error for invalid email" classname="auth.spec.ts" time="13.559">
<system-out>
<![CDATA[
[[ATTACHMENT|auth-Authentication-Flow-s-9729a-ion-error-for-invalid-email-chromium/test-failed-1.png]]

[[ATTACHMENT|auth-Authentication-Flow-s-9729a-ion-error-for-invalid-email-chromium/video.webm]]

[[ATTACHMENT|auth-Authentication-Flow-s-9729a-ion-error-for-invalid-email-chromium/error-context.md]]
]]>
</system-out>
<error message="page.fill: Timeout 10000ms exceeded." type="TimeoutError">
<![CDATA[  [chromium] › auth.spec.ts:34:3 › Authentication Flow › should show validation error for invalid email

    TimeoutError: page.fill: Timeout 10000ms exceeded.
    Call log:
      - waiting for locator('input[type="email"]')


      36 |
      37 |     // Enter invalid email
    > 38 |     await page.fill('input[type="email"]', 'invalid-email');
         |                ^
      39 |     await page.fill('input[type="password"]', 'password123');
      40 |     await page.click('button[type="submit"]');
      41 |
        at /app/tests/e2e/auth.spec.ts:38:16

    attachment #1: screenshot (image/png) ──────────────────────────────────────────────────────────
    ../../test-results/auth-Authentication-Flow-s-9729a-ion-error-for-invalid-email-chromium/test-failed-1.png
    ────────────────────────────────────────────────────────────────────────────────────────────────

    attachment #2: video (video/webm) ──────────────────────────────────────────────────────────────
    ../../test-results/auth-Authentication-Flow-s-9729a-ion-error-for-invalid-email-chromium/video.webm
    ────────────────────────────────────────────────────────────────────────────────────────────────

    Error Context: ../../test-results/auth-Authentication-Flow-s-9729a-ion-error-for-invalid-email-chromium/error-context.md
]]>
</error>
</testcase>
<testcase name="Authentication Flow › should show validation error for short password" classname="auth.spec.ts" time="12.058">
<system-out>
<![CDATA[
[[ATTACHMENT|auth-Authentication-Flow-s-cfee4-on-error-for-short-password-chromium/test-failed-1.png]]

[[ATTACHMENT|auth-Authentication-Flow-s-cfee4-on-error-for-short-password-chromium/video.webm]]

[[ATTACHMENT|auth-Authentication-Flow-s-cfee4-on-error-for-short-password-chromium/error-context.md]]
]]>
</system-out>
<error message="page.fill: Timeout 10000ms exceeded." type="TimeoutError">
<![CDATA[  [chromium] › auth.spec.ts:46:3 › Authentication Flow › should show validation error for short password

    TimeoutError: page.fill: Timeout 10000ms exceeded.
    Call log:
      - waiting for locator('input[type="email"]')


      48 |
      49 |     // Enter short password
    > 50 |     await page.fill('input[type="email"]', 'test@example.com');
         |                ^
      51 |     await page.fill('input[type="password"]', 'short');
      52 |     await page.click('button[type="submit"]');
      53 |
        at /app/tests/e2e/auth.spec.ts:50:16

    attachment #1: screenshot (image/png) ──────────────────────────────────────────────────────────
    ../../test-results/auth-Authentication-Flow-s-cfee4-on-error-for-short-password-chromium/test-failed-1.png
    ────────────────────────────────────────────────────────────────────────────────────────────────

    attachment #2: video (video/webm) ──────────────────────────────────────────────────────────────
    ../../test-results/auth-Authentication-Flow-s-cfee4-on-error-for-short-password-chromium/video.webm
    ────────────────────────────────────────────────────────────────────────────────────────────────

    Error Context: ../../test-results/auth-Authentication-Flow-s-cfee4-on-error-for-short-password-chromium/error-context.md
]]>
</error>
</testcase>
<testcase name="Authentication Flow › should switch between login and signup modes" classname="auth.spec.ts" time="6.972">
<system-out>
<![CDATA[
[[ATTACHMENT|auth-Authentication-Flow-s-70f98-ween-login-and-signup-modes-chromium/test-failed-1.png]]

[[ATTACHMENT|auth-Authentication-Flow-s-70f98-ween-login-and-signup-modes-chromium/video.webm]]

[[ATTACHMENT|auth-Authentication-Flow-s-70f98-ween-login-and-signup-modes-chromium/error-context.md]]
]]>
</system-out>
<failure message="expect(locator).toContainText(expected) failed" type="expect.toContainText">
<![CDATA[  [chromium] › auth.spec.ts:58:3 › Authentication Flow › should switch between login and signup modes

    Error: expect(locator).toContainText(expected) failed

    Locator: locator('h1')
    Expected substring: "Welcome Back"
    Timeout: 5000ms
    Error: element(s) not found

    Call log:
      - Expect "toContainText" with timeout 5000ms
      - waiting for locator('h1')


      60 |
      61 |     // Verify login mode is active
    > 62 |     await expect(page.locator('h1')).toContainText('Welcome Back');
         |                                      ^
      63 |
      64 |     // Click on signup link
      65 |     await page.click('text=Create account');
        at /app/tests/e2e/auth.spec.ts:62:38

    attachment #1: screenshot (image/png) ──────────────────────────────────────────────────────────
    ../../test-results/auth-Authentication-Flow-s-70f98-ween-login-and-signup-modes-chromium/test-failed-1.png
    ────────────────────────────────────────────────────────────────────────────────────────────────

    attachment #2: video (video/webm) ──────────────────────────────────────────────────────────────
    ../../test-results/auth-Authentication-Flow-s-70f98-ween-login-and-signup-modes-chromium/video.webm
    ────────────────────────────────────────────────────────────────────────────────────────────────

    Error Context: ../../test-results/auth-Authentication-Flow-s-70f98-ween-login-and-signup-modes-chromium/error-context.md
]]>
</failure>
</testcase>
<testcase name="Authentication Flow › should handle password reset flow" classname="auth.spec.ts" time="12.271">
<system-out>
<![CDATA[
[[ATTACHMENT|auth-Authentication-Flow-should-handle-password-reset-flow-chromium/test-failed-1.png]]

[[ATTACHMENT|auth-Authentication-Flow-should-handle-password-reset-flow-chromium/video.webm]]

[[ATTACHMENT|auth-Authentication-Flow-should-handle-password-reset-flow-chromium/error-context.md]]
]]>
</system-out>
<error message="page.click: Timeout 10000ms exceeded." type="TimeoutError">
<![CDATA[  [chromium] › auth.spec.ts:72:3 › Authentication Flow › should handle password reset flow ─────────

    TimeoutError: page.click: Timeout 10000ms exceeded.
    Call log:
      - waiting for locator('text=Forgot password?')


      74 |
      75 |     // Click on forgot password
    > 76 |     await page.click('text=Forgot password?');
         |                ^
      77 |
      78 |     // Verify reset form is visible
      79 |     await expect(page.locator('h1')).toContainText('Reset Password');
        at /app/tests/e2e/auth.spec.ts:76:16

    attachment #1: screenshot (image/png) ──────────────────────────────────────────────────────────
    ../../test-results/auth-Authentication-Flow-should-handle-password-reset-flow-chromium/test-failed-1.png
    ────────────────────────────────────────────────────────────────────────────────────────────────

    attachment #2: video (video/webm) ──────────────────────────────────────────────────────────────
    ../../test-results/auth-Authentication-Flow-should-handle-password-reset-flow-chromium/video.webm
    ────────────────────────────────────────────────────────────────────────────────────────────────

    Error Context: ../../test-results/auth-Authentication-Flow-should-handle-password-reset-flow-chromium/error-context.md
]]>
</error>
</testcase>
<testcase name="Authentication Flow › should have proper autocomplete attributes on auth forms" classname="auth.spec.ts" time="6.878">
<system-out>
<![CDATA[
[[ATTACHMENT|auth-Authentication-Flow-s-ad192-te-attributes-on-auth-forms-chromium/test-failed-1.png]]

[[ATTACHMENT|auth-Authentication-Flow-s-ad192-te-attributes-on-auth-forms-chromium/video.webm]]

[[ATTACHMENT|auth-Authentication-Flow-s-ad192-te-attributes-on-auth-forms-chromium/error-context.md]]
]]>
</system-out>
<failure message="expect(locator).toHaveAttribute(expected) failed" type="expect.toHaveAttribute">
<![CDATA[  [chromium] › auth.spec.ts:90:3 › Authentication Flow › should have proper autocomplete attributes on auth forms

    Error: expect(locator).toHaveAttribute(expected) failed

    Locator: locator('input[type="email"]')
    Expected: "email"
    Timeout: 5000ms
    Error: element(s) not found

    Call log:
      - Expect "toHaveAttribute" with timeout 5000ms
      - waiting for locator('input[type="email"]')


      93 |     // Verify email autocomplete
      94 |     const emailInput = page.locator('input[type="email"]');
    > 95 |     await expect(emailInput).toHaveAttribute('autoComplete', 'email');
         |                              ^
      96 |
      97 |     // Verify password autocomplete
      98 |     const passwordInput = page.locator('input[type="password"]');
        at /app/tests/e2e/auth.spec.ts:95:30

    attachment #1: screenshot (image/png) ──────────────────────────────────────────────────────────
    ../../test-results/auth-Authentication-Flow-s-ad192-te-attributes-on-auth-forms-chromium/test-failed-1.png
    ────────────────────────────────────────────────────────────────────────────────────────────────

    attachment #2: video (video/webm) ──────────────────────────────────────────────────────────────
    ../../test-results/auth-Authentication-Flow-s-ad192-te-attributes-on-auth-forms-chromium/video.webm
    ────────────────────────────────────────────────────────────────────────────────────────────────

    Error Context: ../../test-results/auth-Authentication-Flow-s-ad192-te-attributes-on-auth-forms-chromium/error-context.md
]]>
</failure>
</testcase>
<testcase name="Authentication Flow › should prevent form submission during loading state" classname="auth.spec.ts" time="12.288">
<system-out>
<![CDATA[
[[ATTACHMENT|auth-Authentication-Flow-s-5fdfe-ission-during-loading-state-chromium/test-failed-1.png]]

[[ATTACHMENT|auth-Authentication-Flow-s-5fdfe-ission-during-loading-state-chromium/video.webm]]

[[ATTACHMENT|auth-Authentication-Flow-s-5fdfe-ission-during-loading-state-chromium/error-context.md]]
]]>
</system-out>
<error message="page.fill: Timeout 10000ms exceeded." type="TimeoutError">
<![CDATA[  [chromium] › auth.spec.ts:102:3 › Authentication Flow › should prevent form submission during loading state

    TimeoutError: page.fill: Timeout 10000ms exceeded.
    Call log:
      - waiting for locator('input[type="email"]')


      104 |
      105 |     // Fill form
    > 106 |     await page.fill('input[type="email"]', 'test@example.com');
          |                ^
      107 |     await page.fill('input[type="password"]', 'password123');
      108 |
      109 |     // Click submit
        at /app/tests/e2e/auth.spec.ts:106:16

    attachment #1: screenshot (image/png) ──────────────────────────────────────────────────────────
    ../../test-results/auth-Authentication-Flow-s-5fdfe-ission-during-loading-state-chromium/test-failed-1.png
    ────────────────────────────────────────────────────────────────────────────────────────────────

    attachment #2: video (video/webm) ──────────────────────────────────────────────────────────────
    ../../test-results/auth-Authentication-Flow-s-5fdfe-ission-during-loading-state-chromium/video.webm
    ────────────────────────────────────────────────────────────────────────────────────────────────

    Error Context: ../../test-results/auth-Authentication-Flow-s-5fdfe-ission-during-loading-state-chromium/error-context.md
]]>
</error>
</testcase>
<testcase name="Authentication Flow › should redirect to dashboard after successful login" classname="auth.spec.ts" time="12.406">
<system-out>
<![CDATA[
[[ATTACHMENT|auth-Authentication-Flow-s-3481d-oard-after-successful-login-chromium/test-failed-1.png]]

[[ATTACHMENT|auth-Authentication-Flow-s-3481d-oard-after-successful-login-chromium/video.webm]]

[[ATTACHMENT|auth-Authentication-Flow-s-3481d-oard-after-successful-login-chromium/error-context.md]]
]]>
</system-out>
<error message="page.fill: Timeout 10000ms exceeded." type="TimeoutError">
<![CDATA[  [chromium] › auth.spec.ts:117:3 › Authentication Flow › should redirect to dashboard after successful login

    TimeoutError: page.fill: Timeout 10000ms exceeded.
    Call log:
      - waiting for locator('input[type="email"]')


      122 |
      123 |     // Fill form with test credentials
    > 124 |     await page.fill('input[type="email"]', process.env.TEST_EMAIL || 'test@example.com');
          |                ^
      125 |     await page.fill('input[type="password"]', process.env.TEST_PASSWORD || 'password123');
      126 |
      127 |     // Submit form
        at /app/tests/e2e/auth.spec.ts:124:16

    attachment #1: screenshot (image/png) ──────────────────────────────────────────────────────────
    ../../test-results/auth-Authentication-Flow-s-3481d-oard-after-successful-login-chromium/test-failed-1.png
    ────────────────────────────────────────────────────────────────────────────────────────────────

    attachment #2: video (video/webm) ──────────────────────────────────────────────────────────────
    ../../test-results/auth-Authentication-Flow-s-3481d-oard-after-successful-login-chromium/video.webm
    ────────────────────────────────────────────────────────────────────────────────────────────────

    Error Context: ../../test-results/auth-Authentication-Flow-s-3481d-oard-after-successful-login-chromium/error-context.md
]]>
</error>
</testcase>
<testcase name="Authentication Flow › should handle session expiration gracefully" classname="auth.spec.ts" time="1.765">
</testcase>
<testcase name="Authentication Flow › should maintain session across page reloads" classname="auth.spec.ts">
<properties>
<property name="skip" value="">
</property>
</properties>
<skipped>
</skipped>
</testcase>
</testsuite>
<testsuite name="student-flow.spec.ts" timestamp="2026-07-24T17:11:43.000Z" hostname="chromium" tests="15" failures="6" skipped="0" time="123.917" errors="8">
<testcase name="Student Flow › should display landing page with hero section" classname="student-flow.spec.ts" time="4.606">
<system-out>
<![CDATA[
[[ATTACHMENT|student-flow-Student-Flow--c7da8-ding-page-with-hero-section-chromium/test-failed-1.png]]

[[ATTACHMENT|student-flow-Student-Flow--c7da8-ding-page-with-hero-section-chromium/video.webm]]

[[ATTACHMENT|student-flow-Student-Flow--c7da8-ding-page-with-hero-section-chromium/error-context.md]]
]]>
</system-out>
<failure message="expect(locator).toContainText(expected) failed" type="expect.toContainText">
<![CDATA[  [chromium] › student-flow.spec.ts:13:3 › Student Flow › should display landing page with hero section

    Error: expect(locator).toContainText(expected) failed

    Locator: locator('h1')
    Expected substring: "AI-Powered Coding Academy"
    Error: strict mode violation: locator('h1') resolved to 2 elements:
        1) <h1 class="text-xl sm:text-2xl font-bold text-center mb-2 sm:mb-3">Age Verification Required</h1> aka getByRole('heading', { name: 'Age Verification Required' })
        2) <h1 class="font-display text-xl sm:text-2xl md:text-3xl lg:text-5xl font-extrabold tracking-tight mb-3 sm:mb-4 md:mb-6 leading-[1.15] sm:leading-[1.2]">…</h1> aka getByRole('heading', { name: 'AI-Powered Coding Academy For' })

    Call log:
      - Expect "toContainText" with timeout 5000ms
      - waiting for locator('h1')


      13 |   test('should display landing page with hero section', async ({ page }) => {
      14 |     // Verify hero section is visible
    > 15 |     await expect(page.locator('h1')).toContainText('AI-Powered Coding Academy');
         |                                      ^
      16 |     await expect(page.locator('text=Where curiosity meets depth')).toBeVisible();
      17 |
      18 |     // Verify CTA button
        at /app/tests/e2e/student-flow.spec.ts:15:38

    attachment #1: screenshot (image/png) ──────────────────────────────────────────────────────────
    ../../test-results/student-flow-Student-Flow--c7da8-ding-page-with-hero-section-chromium/test-failed-1.png
    ────────────────────────────────────────────────────────────────────────────────────────────────

    attachment #2: video (video/webm) ──────────────────────────────────────────────────────────────
    ../../test-results/student-flow-Student-Flow--c7da8-ding-page-with-hero-section-chromium/video.webm
    ────────────────────────────────────────────────────────────────────────────────────────────────

    Error Context: ../../test-results/student-flow-Student-Flow--c7da8-ding-page-with-hero-section-chromium/error-context.md
]]>
</failure>
</testcase>
<testcase name="Student Flow › should display trust statistics" classname="student-flow.spec.ts" time="4.48">
<system-out>
<![CDATA[
[[ATTACHMENT|student-flow-Student-Flow-should-display-trust-statistics-chromium/test-failed-1.png]]

[[ATTACHMENT|student-flow-Student-Flow-should-display-trust-statistics-chromium/video.webm]]

[[ATTACHMENT|student-flow-Student-Flow-should-display-trust-statistics-chromium/error-context.md]]
]]>
</system-out>
<failure message="expect(locator).toBeVisible() failed" type="expect.toBeVisible">
<![CDATA[  [chromium] › student-flow.spec.ts:24:3 › Student Flow › should display trust statistics ──────────

    Error: expect(locator).toBeVisible() failed

    Locator: locator('text=Students')
    Expected: visible
    Error: strict mode violation: locator('text=Students') resolved to 4 elements:
        1) <p class="text-xs sm:text-sm md:text-base lg:text-lg text-foreground/90 max-w-lg mb-4 sm:mb-6 md:mb-8 leading-relaxed font-medium">Master coding, math, and science through interact…</p> aka getByText('Master coding, math, and')
        2) <p class="text-[11px] text-foreground/90 mt-0.5 font-medium">Students</p> aka getByText('Students', { exact: true })
        3) <p class="text-xs sm:text-sm font-medium text-foreground/80 uppercase tracking-wider">Trusted by students worldwide</p> aka getByText('Trusted by students worldwide')
        4) <h2 class="text-4xl md:text-5xl font-display font-bold tracking-tight">…</h2> aka getByRole('heading', { name: 'Loved by Visionary Students' })

    Call log:
      - Expect "toBeVisible" with timeout 5000ms
      - waiting for locator('text=Students')


      27 |
      28 |     // Verify stats are displayed
    > 29 |     await expect(page.locator('text=Students')).toBeVisible();
         |                                                 ^
      30 |     await expect(page.locator('text=Courses')).toBeVisible();
      31 |     await expect(page.locator('text=Rating')).toBeVisible();
      32 |   });
        at /app/tests/e2e/student-flow.spec.ts:29:49

    attachment #1: screenshot (image/png) ──────────────────────────────────────────────────────────
    ../../test-results/student-flow-Student-Flow-should-display-trust-statistics-chromium/test-failed-1.png
    ────────────────────────────────────────────────────────────────────────────────────────────────

    attachment #2: video (video/webm) ──────────────────────────────────────────────────────────────
    ../../test-results/student-flow-Student-Flow-should-display-trust-statistics-chromium/video.webm
    ────────────────────────────────────────────────────────────────────────────────────────────────

    Error Context: ../../test-results/student-flow-Student-Flow-should-display-trust-statistics-chromium/error-context.md
]]>
</failure>
</testcase>
<testcase name="Student Flow › should navigate to A4 infographic generator" classname="student-flow.spec.ts" time="7.284">
<system-out>
<![CDATA[
[[ATTACHMENT|student-flow-Student-Flow--6eab5-to-A4-infographic-generator-chromium/test-failed-1.png]]

[[ATTACHMENT|student-flow-Student-Flow--6eab5-to-A4-infographic-generator-chromium/video.webm]]

[[ATTACHMENT|student-flow-Student-Flow--6eab5-to-A4-infographic-generator-chromium/error-context.md]]
]]>
</system-out>
<failure message="expect(locator).toBeVisible() failed" type="expect.toBeVisible">
<![CDATA[  [chromium] › student-flow.spec.ts:34:3 › Student Flow › should navigate to A4 infographic generator

    Error: expect(locator).toBeVisible() failed

    Locator: locator('text=Infographic Generator')
    Expected: visible
    Timeout: 5000ms
    Error: element(s) not found

    Call log:
      - Expect "toBeVisible" with timeout 5000ms
      - waiting for locator('text=Infographic Generator')


      40 |
      41 |     // Verify infographic generator is visible
    > 42 |     await expect(page.locator('text=Infographic Generator')).toBeVisible();
         |                                                              ^
      43 |   });
      44 |
      45 |   test('should create A4 infographic with text element', async ({ page }) => {
        at /app/tests/e2e/student-flow.spec.ts:42:62

    attachment #1: screenshot (image/png) ──────────────────────────────────────────────────────────
    ../../test-results/student-flow-Student-Flow--6eab5-to-A4-infographic-generator-chromium/test-failed-1.png
    ────────────────────────────────────────────────────────────────────────────────────────────────

    attachment #2: video (video/webm) ──────────────────────────────────────────────────────────────
    ../../test-results/student-flow-Student-Flow--6eab5-to-A4-infographic-generator-chromium/video.webm
    ────────────────────────────────────────────────────────────────────────────────────────────────

    Error Context: ../../test-results/student-flow-Student-Flow--6eab5-to-A4-infographic-generator-chromium/error-context.md
]]>
</failure>
</testcase>
<testcase name="Student Flow › should create A4 infographic with text element" classname="student-flow.spec.ts" time="12.437">
<system-out>
<![CDATA[
[[ATTACHMENT|student-flow-Student-Flow--1c1b4-fographic-with-text-element-chromium/test-failed-1.png]]

[[ATTACHMENT|student-flow-Student-Flow--1c1b4-fographic-with-text-element-chromium/video.webm]]

[[ATTACHMENT|student-flow-Student-Flow--1c1b4-fographic-with-text-element-chromium/error-context.md]]
]]>
</system-out>
<error message="page.click: Timeout 10000ms exceeded." type="TimeoutError">
<![CDATA[  [chromium] › student-flow.spec.ts:45:3 › Student Flow › should create A4 infographic with text element

    TimeoutError: page.click: Timeout 10000ms exceeded.
    Call log:
      - waiting for locator('button:has-text("Text")')


      47 |
      48 |     // Click add text element
    > 49 |     await page.click('button:has-text("Text")');
         |                ^
      50 |
      51 |     // Verify text element is added
      52 |     await expect(page.locator('[contenteditable="true"]')).toBeVisible();
        at /app/tests/e2e/student-flow.spec.ts:49:16

    attachment #1: screenshot (image/png) ──────────────────────────────────────────────────────────
    ../../test-results/student-flow-Student-Flow--1c1b4-fographic-with-text-element-chromium/test-failed-1.png
    ────────────────────────────────────────────────────────────────────────────────────────────────

    attachment #2: video (video/webm) ──────────────────────────────────────────────────────────────
    ../../test-results/student-flow-Student-Flow--1c1b4-fographic-with-text-element-chromium/video.webm
    ────────────────────────────────────────────────────────────────────────────────────────────────

    Error Context: ../../test-results/student-flow-Student-Flow--1c1b4-fographic-with-text-element-chromium/error-context.md
]]>
</error>
</testcase>
<testcase name="Student Flow › should change infographic element color" classname="student-flow.spec.ts" time="12.16">
<system-out>
<![CDATA[
[[ATTACHMENT|student-flow-Student-Flow--22103-e-infographic-element-color-chromium/test-failed-1.png]]

[[ATTACHMENT|student-flow-Student-Flow--22103-e-infographic-element-color-chromium/video.webm]]

[[ATTACHMENT|student-flow-Student-Flow--22103-e-infographic-element-color-chromium/error-context.md]]
]]>
</system-out>
<error message="page.click: Timeout 10000ms exceeded." type="TimeoutError">
<![CDATA[  [chromium] › student-flow.spec.ts:61:3 › Student Flow › should change infographic element color ──

    TimeoutError: page.click: Timeout 10000ms exceeded.
    Call log:
      - waiting for locator('button:has-text("Text")')


      63 |
      64 |     // Add text element
    > 65 |     await page.click('button:has-text("Text")');
         |                ^
      66 |
      67 |     // Select color picker
      68 |     await page.click('button[style*="background-color: #000000"]');
        at /app/tests/e2e/student-flow.spec.ts:65:16

    attachment #1: screenshot (image/png) ──────────────────────────────────────────────────────────
    ../../test-results/student-flow-Student-Flow--22103-e-infographic-element-color-chromium/test-failed-1.png
    ────────────────────────────────────────────────────────────────────────────────────────────────

    attachment #2: video (video/webm) ──────────────────────────────────────────────────────────────
    ../../test-results/student-flow-Student-Flow--22103-e-infographic-element-color-chromium/video.webm
    ────────────────────────────────────────────────────────────────────────────────────────────────

    Error Context: ../../test-results/student-flow-Student-Flow--22103-e-infographic-element-color-chromium/error-context.md
]]>
</error>
</testcase>
<testcase name="Student Flow › should export infographic as image" classname="student-flow.spec.ts" time="12.159">
<system-out>
<![CDATA[
[[ATTACHMENT|student-flow-Student-Flow-should-export-infographic-as-image-chromium/test-failed-1.png]]

[[ATTACHMENT|student-flow-Student-Flow-should-export-infographic-as-image-chromium/video.webm]]

[[ATTACHMENT|student-flow-Student-Flow-should-export-infographic-as-image-chromium/error-context.md]]
]]>
</system-out>
<error message="page.click: Timeout 10000ms exceeded." type="TimeoutError">
<![CDATA[  [chromium] › student-flow.spec.ts:75:3 › Student Flow › should export infographic as image ───────

    TimeoutError: page.click: Timeout 10000ms exceeded.
    Call log:
      - waiting for locator('button:has-text("Text")')


      77 |
      78 |     // Add element
    > 79 |     await page.click('button:has-text("Text")');
         |                ^
      80 |     await page.type('[contenteditable="true"]', 'Test Notes');
      81 |
      82 |     // Click export button
        at /app/tests/e2e/student-flow.spec.ts:79:16

    attachment #1: screenshot (image/png) ──────────────────────────────────────────────────────────
    ../../test-results/student-flow-Student-Flow-should-export-infographic-as-image-chromium/test-failed-1.png
    ────────────────────────────────────────────────────────────────────────────────────────────────

    attachment #2: video (video/webm) ──────────────────────────────────────────────────────────────
    ../../test-results/student-flow-Student-Flow-should-export-infographic-as-image-chromium/video.webm
    ────────────────────────────────────────────────────────────────────────────────────────────────

    Error Context: ../../test-results/student-flow-Student-Flow-should-export-infographic-as-image-chromium/error-context.md
]]>
</error>
</testcase>
<testcase name="Student Flow › should use low bandwidth mode toggle" classname="student-flow.spec.ts" time="6.691">
<system-out>
<![CDATA[
[[ATTACHMENT|student-flow-Student-Flow--9a538-e-low-bandwidth-mode-toggle-chromium/test-failed-1.png]]

[[ATTACHMENT|student-flow-Student-Flow--9a538-e-low-bandwidth-mode-toggle-chromium/video.webm]]

[[ATTACHMENT|student-flow-Student-Flow--9a538-e-low-bandwidth-mode-toggle-chromium/error-context.md]]
]]>
</system-out>
<failure message="expect(locator).toBeVisible() failed" type="expect.toBeVisible">
<![CDATA[  [chromium] › student-flow.spec.ts:89:3 › Student Flow › should use low bandwidth mode toggle ─────

    Error: expect(locator).toBeVisible() failed

    Locator: locator('text=Low Bandwidth Mode')
    Expected: visible
    Timeout: 5000ms
    Error: element(s) not found

    Call log:
      - Expect "toBeVisible" with timeout 5000ms
      - waiting for locator('text=Low Bandwidth Mode')


      91 |
      92 |     // Verify low bandwidth toggle is visible
    > 93 |     await expect(page.locator('text=Low Bandwidth Mode')).toBeVisible();
         |                                                           ^
      94 |
      95 |     // Click toggle
      96 |     await page.click('button[role="switch"]');
        at /app/tests/e2e/student-flow.spec.ts:93:59

    attachment #1: screenshot (image/png) ──────────────────────────────────────────────────────────
    ../../test-results/student-flow-Student-Flow--9a538-e-low-bandwidth-mode-toggle-chromium/test-failed-1.png
    ────────────────────────────────────────────────────────────────────────────────────────────────

    attachment #2: video (video/webm) ──────────────────────────────────────────────────────────────
    ../../test-results/student-flow-Student-Flow--9a538-e-low-bandwidth-mode-toggle-chromium/video.webm
    ────────────────────────────────────────────────────────────────────────────────────────────────

    Error Context: ../../test-results/student-flow-Student-Flow--9a538-e-low-bandwidth-mode-toggle-chromium/error-context.md
]]>
</failure>
</testcase>
<testcase name="Student Flow › should test connection speed" classname="student-flow.spec.ts" time="12.24">
<system-out>
<![CDATA[
[[ATTACHMENT|student-flow-Student-Flow-should-test-connection-speed-chromium/test-failed-1.png]]

[[ATTACHMENT|student-flow-Student-Flow-should-test-connection-speed-chromium/video.webm]]

[[ATTACHMENT|student-flow-Student-Flow-should-test-connection-speed-chromium/error-context.md]]
]]>
</system-out>
<error message="page.click: Timeout 10000ms exceeded." type="TimeoutError">
<![CDATA[  [chromium] › student-flow.spec.ts:102:3 › Student Flow › should test connection speed ────────────

    TimeoutError: page.click: Timeout 10000ms exceeded.
    Call log:
      - waiting for locator('button:has-text("Test Speed")')


      104 |
      105 |     // Click test speed button
    > 106 |     await page.click('button:has-text("Test Speed")');
          |                ^
      107 |
      108 |     // Wait for test to complete
      109 |     await page.waitForTimeout(3000);
        at /app/tests/e2e/student-flow.spec.ts:106:16

    attachment #1: screenshot (image/png) ──────────────────────────────────────────────────────────
    ../../test-results/student-flow-Student-Flow-should-test-connection-speed-chromium/test-failed-1.png
    ────────────────────────────────────────────────────────────────────────────────────────────────

    attachment #2: video (video/webm) ──────────────────────────────────────────────────────────────
    ../../test-results/student-flow-Student-Flow-should-test-connection-speed-chromium/video.webm
    ────────────────────────────────────────────────────────────────────────────────────────────────

    Error Context: ../../test-results/student-flow-Student-Flow-should-test-connection-speed-chromium/error-context.md
]]>
</error>
</testcase>
<testcase name="Student Flow › should display responsive design on mobile" classname="student-flow.spec.ts" time="6.943">
<system-out>
<![CDATA[
[[ATTACHMENT|student-flow-Student-Flow--97876-responsive-design-on-mobile-chromium/test-failed-1.png]]

[[ATTACHMENT|student-flow-Student-Flow--97876-responsive-design-on-mobile-chromium/video.webm]]

[[ATTACHMENT|student-flow-Student-Flow--97876-responsive-design-on-mobile-chromium/error-context.md]]
]]>
</system-out>
<failure message="expect(locator).toBeVisible() failed" type="expect.toBeVisible">
<![CDATA[  [chromium] › student-flow.spec.ts:115:3 › Student Flow › should display responsive design on mobile

    Error: expect(locator).toBeVisible() failed

    Locator: locator('button[aria-label="Menu"]')
    Expected: visible
    Timeout: 5000ms
    Error: element(s) not found

    Call log:
      - Expect "toBeVisible" with timeout 5000ms
      - waiting for locator('button[aria-label="Menu"]')


      120 |
      121 |     // Verify mobile menu is visible
    > 122 |     await expect(page.locator('button[aria-label="Menu"]')).toBeVisible();
          |                                                             ^
      123 |
      124 |     // Verify hero text is readable on mobile
      125 |     const heroText = page.locator('h1');
        at /app/tests/e2e/student-flow.spec.ts:122:61

    attachment #1: screenshot (image/png) ──────────────────────────────────────────────────────────
    ../../test-results/student-flow-Student-Flow--97876-responsive-design-on-mobile-chromium/test-failed-1.png
    ────────────────────────────────────────────────────────────────────────────────────────────────

    attachment #2: video (video/webm) ──────────────────────────────────────────────────────────────
    ../../test-results/student-flow-Student-Flow--97876-responsive-design-on-mobile-chromium/video.webm
    ────────────────────────────────────────────────────────────────────────────────────────────────

    Error Context: ../../test-results/student-flow-Student-Flow--97876-responsive-design-on-mobile-chromium/error-context.md
]]>
</failure>
</testcase>
<testcase name="Student Flow › should have proper z-index on modals" classname="student-flow.spec.ts" time="11.815">
<system-out>
<![CDATA[
[[ATTACHMENT|student-flow-Student-Flow--9161f-ve-proper-z-index-on-modals-chromium/test-failed-1.png]]

[[ATTACHMENT|student-flow-Student-Flow--9161f-ve-proper-z-index-on-modals-chromium/video.webm]]

[[ATTACHMENT|student-flow-Student-Flow--9161f-ve-proper-z-index-on-modals-chromium/error-context.md]]
]]>
</system-out>
<error message="page.click: Timeout 10000ms exceeded." type="TimeoutError">
<![CDATA[  [chromium] › student-flow.spec.ts:134:3 › Student Flow › should have proper z-index on modals ────

    TimeoutError: page.click: Timeout 10000ms exceeded.
    Call log:
      - waiting for locator('footer')
        - locator resolved to <footer role="contentinfo" aria-label="Site footer" class="border-t border-border bg-secondary/20 cursor-pointer transition-all hover:bg-secondary/30">…</footer>
      - attempting click action
        2 × waiting for element to be visible, enabled and stable
          - element is visible, enabled and stable
          - scrolling into view if needed
          - done scrolling
          - <span class="text-xs sm:text-sm">Your information is processed securely and in acc…</span> from <div class="fixed inset-0 z-[100] flex items-center justify-center p-2 sm:p-4">…</div> subtree intercepts pointer events
        - retrying click action
        - waiting 20ms
        2 × waiting for element to be visible, enabled and stable
          - element is visible, enabled and stable
          - scrolling into view if needed
          - done scrolling
          - <span class="text-xs sm:text-sm">Your information is processed securely and in acc…</span> from <div class="fixed inset-0 z-[100] flex items-center justify-center p-2 sm:p-4">…</div> subtree intercepts pointer events
        - retrying click action
          - waiting 100ms
        2 × waiting for element to be visible, enabled and stable
          - element is visible, enabled and stable
          - scrolling into view if needed
          - done scrolling
          - <span class="text-xs sm:text-sm">Your information is processed securely and in acc…</span> from <div class="fixed inset-0 z-[100] flex items-center justify-center p-2 sm:p-4">…</div> subtree intercepts pointer events
        - retrying click action
          - waiting 500ms
        14 × waiting for element to be visible, enabled and stable
           - element is visible, enabled and stable
           - scrolling into view if needed
           - done scrolling
           - <button class="w-full font-semibold py-2 sm:py-3 px-4 sm:px-6 rounded-xl transition-colors shadow-lg text-sm sm:text-base focus:outline-none focus:ring-2">Continue to Platform</button> from <div class="fixed inset-0 z-[100] flex items-center justify-center p-2 sm:p-4">…</div> subtree intercepts pointer events
         - retrying click action
           - waiting 500ms


      136 |
      137 |     // Click footer to open modal
    > 138 |     await page.click('footer');
          |                ^
      139 |
      140 |     // Verify modal is visible
      141 |     await expect(page.locator('[role="dialog"]')).toBeVisible();
        at /app/tests/e2e/student-flow.spec.ts:138:16

    attachment #1: screenshot (image/png) ──────────────────────────────────────────────────────────
    ../../test-results/student-flow-Student-Flow--9161f-ve-proper-z-index-on-modals-chromium/test-failed-1.png
    ────────────────────────────────────────────────────────────────────────────────────────────────

    attachment #2: video (video/webm) ──────────────────────────────────────────────────────────────
    ../../test-results/student-flow-Student-Flow--9161f-ve-proper-z-index-on-modals-chromium/video.webm
    ────────────────────────────────────────────────────────────────────────────────────────────────

    Error Context: ../../test-results/student-flow-Student-Flow--9161f-ve-proper-z-index-on-modals-chromium/error-context.md
]]>
</error>
</testcase>
<testcase name="Student Flow › should handle keyboard navigation" classname="student-flow.spec.ts" time="2.022">
</testcase>
<testcase name="Student Flow › should have proper ARIA labels for accessibility" classname="student-flow.spec.ts" time="3.533">
<system-out>
<![CDATA[
[[ATTACHMENT|student-flow-Student-Flow--4c0cb-IA-labels-for-accessibility-chromium/test-failed-1.png]]

[[ATTACHMENT|student-flow-Student-Flow--4c0cb-IA-labels-for-accessibility-chromium/video.webm]]

[[ATTACHMENT|student-flow-Student-Flow--4c0cb-IA-labels-for-accessibility-chromium/error-context.md]]
]]>
</system-out>
<failure message="expect(received).toBeTruthy()" type="expect.toBeTruthy">
<![CDATA[  [chromium] › student-flow.spec.ts:168:3 › Student Flow › should have proper ARIA labels for accessibility

    Error: expect(received).toBeTruthy()

    Received: ""

      179 |
      180 |       // Button should either have aria-label or text content
    > 181 |       expect(ariaLabel || hasText).toBeTruthy();
          |                                    ^
      182 |     }
      183 |   });
      184 |
        at /app/tests/e2e/student-flow.spec.ts:181:36

    attachment #1: screenshot (image/png) ──────────────────────────────────────────────────────────
    ../../test-results/student-flow-Student-Flow--4c0cb-IA-labels-for-accessibility-chromium/test-failed-1.png
    ────────────────────────────────────────────────────────────────────────────────────────────────

    attachment #2: video (video/webm) ──────────────────────────────────────────────────────────────
    ../../test-results/student-flow-Student-Flow--4c0cb-IA-labels-for-accessibility-chromium/video.webm
    ────────────────────────────────────────────────────────────────────────────────────────────────

    Error Context: ../../test-results/student-flow-Student-Flow--4c0cb-IA-labels-for-accessibility-chromium/error-context.md
]]>
</failure>
</testcase>
<testcase name="Student Flow › should have sufficient color contrast" classname="student-flow.spec.ts" time="3.122">
<system-out>
<![CDATA[
[[ATTACHMENT|student-flow-Student-Flow--1b7cb-e-sufficient-color-contrast-chromium/test-failed-1.png]]

[[ATTACHMENT|student-flow-Student-Flow--1b7cb-e-sufficient-color-contrast-chromium/video.webm]]

[[ATTACHMENT|student-flow-Student-Flow--1b7cb-e-sufficient-color-contrast-chromium/error-context.md]]
]]>
</system-out>
<error message="locator.evaluate: Error: strict mode violation: locator(&apos;h1&apos;) resolved to 2 elements:" type="Error">
<![CDATA[  [chromium] › student-flow.spec.ts:185:3 › Student Flow › should have sufficient color contrast ───

    Error: locator.evaluate: Error: strict mode violation: locator('h1') resolved to 2 elements:
        1) <h1 class="text-xl sm:text-2xl font-bold text-center mb-2 sm:mb-3">Age Verification Required</h1> aka getByRole('heading', { name: 'Age Verification Required' })
        2) <h1 class="font-display text-xl sm:text-2xl md:text-3xl lg:text-5xl font-extrabold tracking-tight mb-3 sm:mb-4 md:mb-6 leading-[1.15] sm:leading-[1.2]">…</h1> aka getByRole('heading', { name: 'AI-Powered Coding Academy For' })

    Call log:
      - waiting for locator('h1')


      188 |     // Check contrast of main heading
      189 |     const heading = page.locator('h1');
    > 190 |     const backgroundColor = await heading.evaluate(el => {
          |                                           ^
      191 |       return window.getComputedStyle(el).backgroundColor;
      192 |     });
      193 |     const color = await heading.evaluate(el => {
        at /app/tests/e2e/student-flow.spec.ts:190:43

    attachment #1: screenshot (image/png) ──────────────────────────────────────────────────────────
    ../../test-results/student-flow-Student-Flow--1b7cb-e-sufficient-color-contrast-chromium/test-failed-1.png
    ────────────────────────────────────────────────────────────────────────────────────────────────

    attachment #2: video (video/webm) ──────────────────────────────────────────────────────────────
    ../../test-results/student-flow-Student-Flow--1b7cb-e-sufficient-color-contrast-chromium/video.webm
    ────────────────────────────────────────────────────────────────────────────────────────────────

    Error Context: ../../test-results/student-flow-Student-Flow--1b7cb-e-sufficient-color-contrast-chromium/error-context.md
]]>
</error>
</testcase>
<testcase name="Student Flow › should handle form validation with Zod schemas" classname="student-flow.spec.ts" time="12.347">
<system-out>
<![CDATA[
[[ATTACHMENT|student-flow-Student-Flow--e3d0a-validation-with-Zod-schemas-chromium/test-failed-1.png]]

[[ATTACHMENT|student-flow-Student-Flow--e3d0a-validation-with-Zod-schemas-chromium/video.webm]]

[[ATTACHMENT|student-flow-Student-Flow--e3d0a-validation-with-Zod-schemas-chromium/error-context.md]]
]]>
</system-out>
<error message="page.click: Timeout 10000ms exceeded." type="TimeoutError">
<![CDATA[  [chromium] › student-flow.spec.ts:201:3 › Student Flow › should handle form validation with Zod schemas

    TimeoutError: page.click: Timeout 10000ms exceeded.
    Call log:
      - waiting for locator('button[type="submit"]')


      203 |
      204 |     // Try to submit empty form
    > 205 |     await page.click('button[type="submit"]');
          |                ^
      206 |
      207 |     // Verify validation errors appear
      208 |     await expect(page.locator('text=required')).toBeVisible({ timeout: 5000 });
        at /app/tests/e2e/student-flow.spec.ts:205:16

    attachment #1: screenshot (image/png) ──────────────────────────────────────────────────────────
    ../../test-results/student-flow-Student-Flow--e3d0a-validation-with-Zod-schemas-chromium/test-failed-1.png
    ────────────────────────────────────────────────────────────────────────────────────────────────

    attachment #2: video (video/webm) ──────────────────────────────────────────────────────────────
    ../../test-results/student-flow-Student-Flow--e3d0a-validation-with-Zod-schemas-chromium/video.webm
    ────────────────────────────────────────────────────────────────────────────────────────────────

    Error Context: ../../test-results/student-flow-Student-Flow--e3d0a-validation-with-Zod-schemas-chromium/error-context.md
]]>
</error>
</testcase>
<testcase name="Student Flow › should prevent XSS in form inputs" classname="student-flow.spec.ts" time="12.078">
<system-out>
<![CDATA[
[[ATTACHMENT|student-flow-Student-Flow-should-prevent-XSS-in-form-inputs-chromium/test-failed-1.png]]

[[ATTACHMENT|student-flow-Student-Flow-should-prevent-XSS-in-form-inputs-chromium/video.webm]]

[[ATTACHMENT|student-flow-Student-Flow-should-prevent-XSS-in-form-inputs-chromium/error-context.md]]
]]>
</system-out>
<error message="page.fill: Timeout 10000ms exceeded." type="TimeoutError">
<![CDATA[  [chromium] › student-flow.spec.ts:211:3 › Student Flow › should prevent XSS in form inputs ───────

    TimeoutError: page.fill: Timeout 10000ms exceeded.
    Call log:
      - waiting for locator('input[type="email"]')


      213 |
      214 |     // Try to inject script
    > 215 |     await page.fill('input[type="email"]', '<script>alert("XSS")</script>');
          |                ^
      216 |     await page.fill('input[type="password"]', 'password123');
      217 |     await page.click('button[type="submit"]');
      218 |
        at /app/tests/e2e/student-flow.spec.ts:215:16

    attachment #1: screenshot (image/png) ──────────────────────────────────────────────────────────
    ../../test-results/student-flow-Student-Flow-should-prevent-XSS-in-form-inputs-chromium/test-failed-1.png
    ────────────────────────────────────────────────────────────────────────────────────────────────

    attachment #2: video (video/webm) ──────────────────────────────────────────────────────────────
    ../../test-results/student-flow-Student-Flow-should-prevent-XSS-in-form-inputs-chromium/video.webm
    ────────────────────────────────────────────────────────────────────────────────────────────────

    Error Context: ../../test-results/student-flow-Student-Flow-should-prevent-XSS-in-form-inputs-chromium/error-context.md
]]>
</error>
</testcase>
</testsuite>
</testsuites>